[INFO] Scanning for projects...
[INFO] 
[INFO] ---------------------< group9:advisor-eval-system >---------------------
[INFO] Building AdvisorEvaluationSystem 0.0.1-SNAPSHOT
[INFO]   from pom.xml
[INFO] --------------------------------[ jar ]---------------------------------
[INFO] 
[INFO] --- clean:3.5.0:clean (default-clean) @ advisor-eval-system ---
[INFO] Deleting C:\Users\Dray\Pictures\SAES-CAPSTONE\capstone-evalsystem\backend\target
[INFO] 
[INFO] --- resources:3.3.1:resources (default-resources) @ advisor-eval-system ---
[INFO] Copying 1 resource from src\main\resources to target\classes
[INFO] Copying 3 resources from src\main\resources to target\classes
[INFO] 
[INFO] --- compiler:3.14.1:compile (default-compile) @ advisor-eval-system ---
[INFO] Recompiling the module because of changed source code.
[INFO] Compiling 90 source files with javac [debug parameters release 17] to target\classes
[INFO] /C:/Users/Dray/Pictures/SAES-CAPSTONE/capstone-evalsystem/backend/src/main/java/group9/advisor_eval_system/util/JwtTokenProvider.java: C:\Users\Dray\Pictures\SAES-CAPSTONE\capstone-evalsystem\backend\src\main\java\group9\advisor_eval_system\util\JwtTokenProvider.java uses or overrides a deprecated API.
[INFO] /C:/Users/Dray/Pictures/SAES-CAPSTONE/capstone-evalsystem/backend/src/main/java/group9/advisor_eval_system/util/JwtTokenProvider.java: Recompile with -Xlint:deprecation for details.
[INFO] /C:/Users/Dray/Pictures/SAES-CAPSTONE/capstone-evalsystem/backend/src/main/java/group9/advisor_eval_system/service/UserManagementService.java: Some input files use unchecked or unsafe operations.
[INFO] /C:/Users/Dray/Pictures/SAES-CAPSTONE/capstone-evalsystem/backend/src/main/java/group9/advisor_eval_system/service/UserManagementService.java: Recompile with -Xlint:unchecked for details.
[INFO] Some messages have been simplified; recompile with -Xdiags:verbose to get full output
[INFO] -------------------------------------------------------------
[ERROR] COMPILATION ERROR : 
[INFO] -------------------------------------------------------------
[ERROR] /C:/Users/Dray/Pictures/SAES-CAPSTONE/capstone-evalsystem/backend/src/main/java/group9/advisor_eval_system/service/TeamService.java:[61,39] incompatible types: cannot infer type arguments for java.util.ArrayList<>
    reason: no instance(s) of type variable(s) E exist so that java.util.ArrayList<E> conforms to java.util.Set<group9.advisor_eval_system.entity.User>
[ERROR] /C:/Users/Dray/Pictures/SAES-CAPSTONE/capstone-evalsystem/backend/src/main/java/group9/advisor_eval_system/service/TeamService.java:[126,30] incompatible types: java.util.List<group9.advisor_eval_system.entity.User> cannot be converted to java.util.Set<group9.advisor_eval_system.entity.User>
[ERROR] /C:/Users/Dray/Pictures/SAES-CAPSTONE/capstone-evalsystem/backend/src/main/java/group9/advisor_eval_system/service/QuestionnaireService.java:[356,58] incompatible types: java.util.Set<group9.advisor_eval_system.entity.Team> cannot be converted to java.util.List<group9.advisor_eval_system.entity.Team>
[ERROR] /C:/Users/Dray/Pictures/SAES-CAPSTONE/capstone-evalsystem/backend/src/main/java/group9/advisor_eval_system/service/UserManagementService.java:[163,49] cannot find symbol
  symbol:   method get(int)
  location: interface java.util.Set<group9.advisor_eval_system.entity.SchoolClass>
[ERROR] /C:/Users/Dray/Pictures/SAES-CAPSTONE/capstone-evalsystem/backend/src/main/java/group9/advisor_eval_system/service/UserManagementService.java:[163,102] cannot find symbol
  symbol:   method get(int)
  location: interface java.util.Set<group9.advisor_eval_system.entity.SchoolClass>
[ERROR] /C:/Users/Dray/Pictures/SAES-CAPSTONE/capstone-evalsystem/backend/src/main/java/group9/advisor_eval_system/service/UserManagementService.java:[177,65] cannot find symbol
  symbol:   method get(int)
  location: interface java.util.Set<group9.advisor_eval_system.entity.User>
[ERROR] /C:/Users/Dray/Pictures/SAES-CAPSTONE/capstone-evalsystem/backend/src/main/java/group9/advisor_eval_system/service/UserManagementService.java:[270,49] cannot find symbol
  symbol:   method get(int)
  location: interface java.util.Set<group9.advisor_eval_system.entity.SchoolClass>
[ERROR] /C:/Users/Dray/Pictures/SAES-CAPSTONE/capstone-evalsystem/backend/src/main/java/group9/advisor_eval_system/service/UserManagementService.java:[270,102] cannot find symbol
  symbol:   method get(int)
  location: interface java.util.Set<group9.advisor_eval_system.entity.SchoolClass>
[ERROR] /C:/Users/Dray/Pictures/SAES-CAPSTONE/capstone-evalsystem/backend/src/main/java/group9/advisor_eval_system/service/UserManagementService.java:[284,65] cannot find symbol
  symbol:   method get(int)
  location: interface java.util.Set<group9.advisor_eval_system.entity.User>
[ERROR] /C:/Users/Dray/Pictures/SAES-CAPSTONE/capstone-evalsystem/backend/src/main/java/group9/advisor_eval_system/service/StudentEvaluationService.java:[40,55] incompatible types: java.util.Set<group9.advisor_eval_system.entity.SchoolClass> cannot be converted to java.util.List<group9.advisor_eval_system.entity.SchoolClass>
[ERROR] /C:/Users/Dray/Pictures/SAES-CAPSTONE/capstone-evalsystem/backend/src/main/java/group9/advisor_eval_system/service/StudentService.java:[87,36] incompatible types: java.util.List<group9.advisor_eval_system.entity.SchoolClass> cannot be converted to java.util.Set<group9.advisor_eval_system.entity.SchoolClass>
[ERROR] /C:/Users/Dray/Pictures/SAES-CAPSTONE/capstone-evalsystem/backend/src/main/java/group9/advisor_eval_system/service/StudentService.java:[90,49] incompatible types: cannot infer type arguments for java.util.ArrayList<>
    reason: no instance(s) of type variable(s) E exist so that java.util.ArrayList<E> conforms to java.util.Set<group9.advisor_eval_system.entity.SchoolClass>
[INFO] 12 errors 
[INFO] -------------------------------------------------------------
[INFO] ------------------------------------------------------------------------
[INFO] BUILD FAILURE
[INFO] ------------------------------------------------------------------------
[INFO] Total time:  9.489 s
[INFO] Finished at: 2026-05-17T15:53:32+08:00
[INFO] ------------------------------------------------------------------------
[ERROR] Failed to execute goal org.apache.maven.plugins:maven-compiler-plugin:3.14.1:compile (default-compile) on project advisor-eval-system: Compilation failure: Compilation failure: 
[ERROR] /C:/Users/Dray/Pictures/SAES-CAPSTONE/capstone-evalsystem/backend/src/main/java/group9/advisor_eval_system/service/TeamService.java:[61,39] incompatible types: cannot infer type arguments for java.util.ArrayList<>
[ERROR]     reason: no instance(s) of type variable(s) E exist so that java.util.ArrayList<E> conforms to java.util.Set<group9.advisor_eval_system.entity.User>
[ERROR] /C:/Users/Dray/Pictures/SAES-CAPSTONE/capstone-evalsystem/backend/src/main/java/group9/advisor_eval_system/service/TeamService.java:[126,30] incompatible types: java.util.List<group9.advisor_eval_system.entity.User> cannot be converted to java.util.Set<group9.advisor_eval_system.entity.User>
[ERROR] /C:/Users/Dray/Pictures/SAES-CAPSTONE/capstone-evalsystem/backend/src/main/java/group9/advisor_eval_system/service/QuestionnaireService.java:[356,58] incompatible types: java.util.Set<group9.advisor_eval_system.entity.Team> cannot be converted to java.util.List<group9.advisor_eval_system.entity.Team>
[ERROR] /C:/Users/Dray/Pictures/SAES-CAPSTONE/capstone-evalsystem/backend/src/main/java/group9/advisor_eval_system/service/UserManagementService.java:[163,49] cannot find symbol
[ERROR]   symbol:   method get(int)
[ERROR]   location: interface java.util.Set<group9.advisor_eval_system.entity.SchoolClass>
[ERROR] /C:/Users/Dray/Pictures/SAES-CAPSTONE/capstone-evalsystem/backend/src/main/java/group9/advisor_eval_system/service/UserManagementService.java:[163,102] cannot find symbol
[ERROR]   symbol:   method get(int)
[ERROR]   location: interface java.util.Set<group9.advisor_eval_system.entity.SchoolClass>
[ERROR] /C:/Users/Dray/Pictures/SAES-CAPSTONE/capstone-evalsystem/backend/src/main/java/group9/advisor_eval_system/service/UserManagementService.java:[177,65] cannot find symbol
[ERROR]   symbol:   method get(int)
[ERROR]   location: interface java.util.Set<group9.advisor_eval_system.entity.User>
[ERROR] /C:/Users/Dray/Pictures/SAES-CAPSTONE/capstone-evalsystem/backend/src/main/java/group9/advisor_eval_system/service/UserManagementService.java:[270,49] cannot find symbol
[ERROR]   symbol:   method get(int)
[ERROR]   location: interface java.util.Set<group9.advisor_eval_system.entity.SchoolClass>
[ERROR] /C:/Users/Dray/Pictures/SAES-CAPSTONE/capstone-evalsystem/backend/src/main/java/group9/advisor_eval_system/service/UserManagementService.java:[270,102] cannot find symbol
[ERROR]   symbol:   method get(int)
[ERROR]   location: interface java.util.Set<group9.advisor_eval_system.entity.SchoolClass>
[ERROR] /C:/Users/Dray/Pictures/SAES-CAPSTONE/capstone-evalsystem/backend/src/main/java/group9/advisor_eval_system/service/UserManagementService.java:[284,65] cannot find symbol
[ERROR]   symbol:   method get(int)
[ERROR]   location: interface java.util.Set<group9.advisor_eval_system.entity.User>
[ERROR] /C:/Users/Dray/Pictures/SAES-CAPSTONE/capstone-evalsystem/backend/src/main/java/group9/advisor_eval_system/service/StudentEvaluationService.java:[40,55] incompatible types: java.util.Set<group9.advisor_eval_system.entity.SchoolClass> cannot be converted to java.util.List<group9.advisor_eval_system.entity.SchoolClass>
[ERROR] /C:/Users/Dray/Pictures/SAES-CAPSTONE/capstone-evalsystem/backend/src/main/java/group9/advisor_eval_system/service/StudentService.java:[87,36] incompatible types: java.util.List<group9.advisor_eval_system.entity.SchoolClass> cannot be converted to java.util.Set<group9.advisor_eval_system.entity.SchoolClass>
[ERROR] /C:/Users/Dray/Pictures/SAES-CAPSTONE/capstone-evalsystem/backend/src/main/java/group9/advisor_eval_system/service/StudentService.java:[90,49] incompatible types: cannot infer type arguments for java.util.ArrayList<>
[ERROR]     reason: no instance(s) of type variable(s) E exist so that java.util.ArrayList<E> conforms to java.util.Set<group9.advisor_eval_system.entity.SchoolClass>
[ERROR] -> [Help 1]
[ERROR] 
[ERROR] To see the full stack trace of the errors, re-run Maven with the -e switch.
[ERROR] Re-run Maven using the -X switch to enable full debug logging.
[ERROR] 
[ERROR] For more information about the errors and possible solutions, please read the following articles:
[ERROR] [Help 1] http://cwiki.apache.org/confluence/display/MAVEN/MojoFailureException
